exports[`render filter by period date correctly 1`] = `
<Formik
  initialValues={
    Object {
      "endDate": 2020-10-08T02:49:59.990Z,
      "startDate": 2020-10-08T02:49:59.990Z,
    }
  }
  validationSchema={
    ObjectSchema {
      "_blacklist": RefSet {
        "list": Set {},
        "refs": Map {},
      },
      "_conditions": Array [],
      "_defaultDefault": [Function],
      "_deps": Array [],
      "_excludedEdges": Array [],
      "_exclusive": Object {},
      "_mutate": undefined,
      "_nodes": Array [
        "endDate",
        "startDate",
      ],
      "_options": Object {
        "abortEarly": true,
        "recursive": true,
      },
      "_type": "object",
      "_typeError": [Function],
      "_whitelist": RefSet {
        "list": Set {},
        "refs": Map {},
      },
      "fields": Object {
        "endDate": DateSchema {
          "_blacklist": RefSet {
            "list": Set {},
            "refs": Map {},
          },
          "_conditions": Array [],
          "_deps": Array [],
          "_exclusive": Object {
            "required": true,
          },
          "_mutate": undefined,
          "_options": Object {
            "abortEarly": true,
            "recursive": true,
          },
          "_type": "date",
          "_typeError": [Function],
          "_whitelist": RefSet {
            "list": Set {},
            "refs": Map {},
          },
          "tests": Array [
            [Function],
          ],
          "transforms": Array [
            [Function],
          ],
        },
        "startDate": DateSchema {
          "_blacklist": RefSet {
            "list": Set {},
            "refs": Map {},
          },
          "_conditions": Array [],
          "_deps": Array [],
          "_exclusive": Object {
            "required": true,
          },
          "_mutate": undefined,
          "_options": Object {
            "abortEarly": true,
            "recursive": true,
          },
          "_type": "date",
          "_typeError": [Function],
          "_whitelist": RefSet {
            "list": Set {},
            "refs": Map {},
          },
          "tests": Array [
            [Function],
          ],
          "transforms": Array [
            [Function],
          ],
        },
      },
      "tests": Array [],
      "transforms": Array [
        [Function],
      ],
    }
  }
>
  <Component />
</Formik>
`;